// Jest Snapshot v1, https://goo.gl/fbAQLP

exports[`Table preheader render test 1`] = `
<div
  class="table4js-preheader"
>
  <div
    class="table4js-preheader__first-row"
  >
    mock-table-search
  </div>
</div>
`;
